#-----------------------------------------------------------
# Webtalk v2020.2 (64-bit)
# SW Build 3064766 on Wed Nov 18 09:12:45 MST 2020
# IP Build 3064653 on Wed Nov 18 14:17:31 MST 2020
# Start of session at: Tue Feb  8 23:55:22 2022
# Process ID: 9096
# Current directory: C:/Users/Simone/Desktop/finale/TacconiAsnaghi_PUF/TacconiAsnaghi_PUF.sim/1bit_APUF_dut/impl/timing/xsim
# Command line: wbtcv.exe -mode batch -source C:/Users/Simone/Desktop/finale/TacconiAsnaghi_PUF/TacconiAsnaghi_PUF.sim/1bit_APUF_dut/impl/timing/xsim/xsim.dir/tb_1bit_APUF_time_impl/webtalk/xsim_webtalk.tcl -notrace
# Log file: C:/Users/Simone/Desktop/finale/TacconiAsnaghi_PUF/TacconiAsnaghi_PUF.sim/1bit_APUF_dut/impl/timing/xsim/webtalk.log
# Journal file: C:/Users/Simone/Desktop/finale/TacconiAsnaghi_PUF/TacconiAsnaghi_PUF.sim/1bit_APUF_dut/impl/timing/xsim\webtalk.jou
#-----------------------------------------------------------
source C:/Users/Simone/Desktop/finale/TacconiAsnaghi_PUF/TacconiAsnaghi_PUF.sim/1bit_APUF_dut/impl/timing/xsim/xsim.dir/tb_1bit_APUF_time_impl/webtalk/xsim_webtalk.tcl -notrace
